PROFILE_GRADE_SUBS_ENTRY_COUNT = 12
PROFILE_GRADE_SUBS_KEYS = ['W_bg', 'W_bg_d1', 'W_bg_d2', 'W_bg_d3', 'mu_R_bg', 'mu_R_bg_d1', 'mu_R_bg_d2', 'mu_R_bg_d3', 'rho_4D_bg_rho4_constant', 'rho_4D_bg_rhobr_constant', 'rho_br_bg_rho4_constant', 'rho_br_bg_rhobr_constant']
SECOND_JET_W_bg_d1d1_IN_SUBS = False
SIGMA_W_IDENTICAL_W0_ETA = False
PROTECTED_IN_PROFILE_GRADE_SUBS_KEYS = []
TOY_R = W_bg_d1*u_1_t + gammaWidthDivGradTheta*theta_probe_d1
TOY_R_AFTER_BRIDGE_D = gammaWidthDivGradTheta*theta_probe_d1 + sigma_W*u_1_t*w1_profile_d1
PROTECTED_COEFF_UNCHANGED = True
BASELINE ADMISSIBILITY_OPERATOR_OPERAND NO_HELDDIV = 4
BASELINE ADMISSIBILITY_OPERATOR_OPERAND NO_PROTECTED = 4
BASELINE COUPLING_KERNEL HAS_PROTECTED = 4
BASELINE COUPLING_KERNEL HELDDIV = 4
BASELINE COUPLING_KERNEL NO_HELDDIV = 4
BASELINE COUPLING_KERNEL NO_PROTECTED = 4
BASELINE MU_THETA_OPERATOR HAS_PROTECTED = 4
BASELINE MU_THETA_OPERATOR HELDDIV = 4
BASELINE SLAB_OPERATOR HAS_PROTECTED = 16
BASELINE SLAB_OPERATOR HELDDIV = 16
BASELINE SLAB_OPERATOR_TERM_ORIGINS NO_HELDDIV = 8
BASELINE SLAB_OPERATOR_TERM_ORIGINS NO_PROTECTED = 8
TOY_STRONG = bulk + HeldDiv((v1, 0, 0))
AFTER_DROP_HELDDIV = bulk
FIXTURE_R_DIV_MINUS_D1_V = 0
FIXTURE_BULK_MINUS_D1_V = -a_d1*phi
EULER_PLACEHOLDER_BULK = a*phi_d1
