N_UNIFORM_CANDIDATES 13
N_SPURION_CANDIDATES 15
UNIFORM_REFLECTION_RESIDUALS_NONZERO 0
SPURION_REFLECTION_RESIDUALS_NONZERO 0
LEVI_CIVITA_THETA_G_CURLU -bG_1_2*bg_3*btheta + bG_1_3*bg_2*btheta + bG_2_1*bg_3*btheta - bG_2_3*bg_1*btheta - bG_3_1*bg_2*btheta + bG_3_2*bg_1*btheta
LEVI_CIVITA_REFLECTION_RESIDUAL 2*bG_1_2*bg_3*btheta - 2*bG_1_3*bg_2*btheta - 2*bG_2_1*bg_3*btheta + 2*bG_2_3*bg_1*btheta + 2*bG_3_1*bg_2*btheta - 2*bG_3_2*bg_1*btheta
LEVI_CIVITA_IN_UNIFORM False
LEVI_CIVITA_IN_SPURION False
UNIFORM_ODD_EVEN_MIXED_NONZERO 0
SPURION_ODD_EVEN_MIXED_NONZERO 0
SPURION_MIXED_WITHOUT_R1 15
G3_U3_THETA_IN_SPURION_UNRESTRICTED True
G3_U3_THETA_COEFF_IN_SPURION_SUM 1
G3_U3_THETA_AFTER_R1 0
G1_U3_THETA_REFLECTION_RESIDUAL -2*bg_1*btheta*bu_3
G1_U3_THETA_COEFF_IN_SPURION_SUM 0
CURL_SQUARED bG_1_2**2 - 2*bG_1_2*bG_2_1 + bG_1_3**2 - 2*bG_1_3*bG_3_1 + bG_2_1**2 + bG_2_3**2 - 2*bG_2_3*bG_3_2 + bG_3_1**2 + bG_3_2**2
CURL_P_COEFF_D1U3_SQ 1
CURL_P_COEFF_D2U3_SQ 1
CURL_P_COEFF_D1U3_D1U1 0
CURL_P_COEFF_D1U3_THETA 0
