SCALAR_L1_EXPECTED -1
SCALAR_L1_RESIDUAL 0
SCALAR_L1_OK True
TOROIDAL_L1_DIV 0
TOROIDAL_L1_RADIAL 0
TOROIDAL_L1_EXPECTED 1
TOROIDAL_L1_RESIDUAL [0, 0, 0]
TOROIDAL_L1_OK True
SPHEROIDAL_RADIAL_L1_EXPECTED -1
SPHEROIDAL_RADIAL_L1_RESIDUAL [0, 0, 0]
SPHEROIDAL_RADIAL_L1_OK True
SPHEROIDAL_HORIZ_L1_EXPECTED -1
SPHEROIDAL_HORIZ_L1_RESIDUAL [0, 0, 0]
SPHEROIDAL_HORIZ_L1_OK True
SCALAR_L2_EXPECTED 1
SCALAR_L2_RESIDUAL 0
SCALAR_L2_OK True
TOROIDAL_L2_DIV 0
TOROIDAL_L2_RADIAL 0
TOROIDAL_L2_EXPECTED -1
TOROIDAL_L2_RESIDUAL [0, 0, 0]
TOROIDAL_L2_OK True
SPHEROIDAL_RADIAL_L2_EXPECTED 1
SPHEROIDAL_RADIAL_L2_RESIDUAL [0, 0, 0]
SPHEROIDAL_RADIAL_L2_OK True
L1_PI_TOROIDAL 1
L1_PI_SPHEROIDAL -1
L1_PI_SCALAR -1
L2_PI_TOROIDAL -1
L2_PI_SPHEROIDAL 1
L2_PI_SCALAR 1
SAME_L_TOROIDAL_NE_SCALAR True
SAME_L_SPHEROIDAL_EQ_SCALAR True
