SO2_ABOUT_DIR1 Matrix([[1, 0, 0], [0, cos(phi), -sin(phi)], [0, sin(phi), cos(phi)]])
POLAR_ALONG_1_ROTATED Matrix([[V1], [0], [0]])
POLAR_ALONG_1_REFLECTED Matrix([[V1], [0], [0]])
POLAR_ALONG_2_ROTATED Matrix([[0], [V2*cos(phi)], [V2*sin(phi)]])
POLAR_ALONG_2_REFLECTED Matrix([[0], [V2], [0]])
POLAR_ALONG_2_BREAKS_SO2 True
POLAR_ALONG_2_BREAKS_MIRROR False
AXIAL_ALONG_1_SO2 Matrix([[A1], [0], [0]])
AXIAL_ALONG_1_MIRROR_DET -1
AXIAL_ALONG_1_AFTER_MIRROR Matrix([[-A1], [0], [0]])
AXIAL_ALONG_1_BREAKS_MIRROR True
T_SO2_INVARIANT_ANSATZ Matrix([[T11, 0, 0], [0, T_perp, T23], [0, -T23, T_perp]])
T_ROTATED_MINUS_T Matrix([[0, 0, 0], [0, 0, 0], [0, 0, 0]])
T_REFLECTED Matrix([[T11, 0, 0], [0, T_perp, -T23], [0, T23, T_perp]])
T_MIRROR_RESIDUAL Matrix([[0, 0, 0], [0, 0, -2*T23], [0, 2*T23, 0]])
ANTISYMMETRIC_T23_BREAKS_MIRROR True
AXIAL_MIXING_TERM A1*theta*(d2u3 - d3u2)
AXIAL_MIXING_ON_P A1*d2u3*theta
K_INPLANE Matrix([[0], [k2], [k3]])
ROTATION_THAT_KILLS_K3_IS_ABOUT_DIR1 True
ROTATION_ABOUT_W_MIXES_DIR1_INTO_23 True
W_OF_X1_NOT_INVARIANT_UNDER_ROTATION_ABOUT_W True
W_OF_X1_INVARIANT_UNDER_SO2_ABOUT_DIR1 True
