TAG                                           PYn  WLn  PY_axes                      WL_axes                      DIFF
----------------------------------------------------------------------------------------------------------------------------------
S11CA_ADMISSIBILITY_PREMISE                  BESPOKE    2  -                            BRAN                         
S11CA_BACKGROUND_DENSITY_MAP                    4    2  BRAN+DENS                    DENS                         PY+{BRANCH}
S11CA_BACKGROUND_STATE                          4    4  BRAN+DENS                    BRAN+DENS                    
S11CA_CLOSURE_SHAPE_DERIV                      16   16  BRAN+DENS+FACE+DOF           BRAN+DENS+FACE+DOF           
S11CA_CONORMAL_DERIV                            8    8  BRAN+FACE+DOF                BRAN+FACE+DOF                
S11CA_CONTROL_FORM_ABLATED_OPERAND            480  744  QUAN+BRAN+DENS+FACE+DOF+OTHER:2+OTHER:3+OTHER:EVOLUTION_TERM_ORIGINS+OTHER:PROJECTION_TERM_ORIGINS QUAN+BRAN+DENS+FACE+DOF+VIRT+DIRE+FIEL WL+{DIRECTION,FIELD,VIRTUAL_DOF} PY+{OTHER:2,OTHER:3,OTHER:EVOLUTION_TERM_ORIGINS,OTHER:PROJECTION_TERM_ORIGINS}
S11CA_CONTROL_FORM_BASE_OPERAND               480  744  QUAN+BRAN+DENS+FACE+DOF+OTHER:2+OTHER:3+OTHER:EVOLUTION_TERM_ORIGINS+OTHER:PROJECTION_TERM_ORIGINS QUAN+BRAN+DENS+FACE+DOF+VIRT+DIRE+FIEL WL+{DIRECTION,FIELD,VIRTUAL_DOF} PY+{OTHER:2,OTHER:3,OTHER:EVOLUTION_TERM_ORIGINS,OTHER:PROJECTION_TERM_ORIGINS}
S11CA_CONTROL_FORM_RESIDUAL                   480  744  QUAN+BRAN+DENS+FACE+DOF+OTHER:2+OTHER:3+OTHER:EVOLUTION_TERM_ORIGINS+OTHER:PROJECTION_TERM_ORIGINS QUAN+BRAN+DENS+FACE+DOF+VIRT+DIRE+FIEL WL+{DIRECTION,FIELD,VIRTUAL_DOF} PY+{OTHER:2,OTHER:3,OTHER:EVOLUTION_TERM_ORIGINS,OTHER:PROJECTION_TERM_ORIGINS}
S11CA_CONTROL_INDEPENDENCE_BASE_OPERAND        64   80  QUAN+BRAN+DENS+FACE+DOF      QUAN+BRAN+DENS+FACE+DOF+VIRT WL+{VIRTUAL_DOF}
S11CA_CONTROL_INDEPENDENCE_CORRUPTED_OPERAND   64   80  QUAN+BRAN+DENS+FACE+DOF      QUAN+BRAN+DENS+FACE+DOF+VIRT WL+{VIRTUAL_DOF}
S11CA_CONTROL_INDEPENDENCE_RESIDUAL            64   80  QUAN+BRAN+DENS+FACE+DOF      QUAN+BRAN+DENS+FACE+DOF+VIRT WL+{VIRTUAL_DOF}
S11CA_DIMENSIONS                             BESPOKE    4  -                            OTHER:BASE_UNITS+OTHER:DIMENSION_L_T_M+OTHER:EXPRESSION+OTHER:MULTIGRADE_EPSILON_ETA_SIGMAW 
S11CA_EVOLUTION_MASS_BALANCE                    8    8  BRAN+DENS+DOF                BRAN+DENS+DOF                
S11CA_EVOLUTION_TERM_ORIGINS                    8   24  BRAN+DENS+DOF                BRAN+DENS+DOF+ORIG           WL+{ORIGIN}
S11CA_FACE_MAP_LAB_HELD                      BESPOKE    2  -                            OTHER:MINUS+OTHER:PLUS       
S11CA_FACE_MAP_MATERIAL_ADVECTED             BESPOKE    2  -                            OTHER:MINUS+OTHER:PLUS       
S11CA_FACE_MEASURE_SHAPE_DERIV                  8    8  BRAN+FACE+DOF                BRAN+FACE+DOF                
S11CA_FACE_NORMAL                               8    8  BRAN+FACE+DOF                BRAN+FACE+DOF                
S11CA_FACE_SHIFT                                8   80  BRAN+FACE+DOF                BRAN+FACE+DOF+FIEL           WL+{FIELD}
S11CA_FACE_VELOCITY                             8    8  BRAN+FACE+DOF                BRAN+FACE+DOF                
S11CA_HOMOGENEITY_BASE_OPERAND               BESPOKE    8  -                            QUAN+OTHER:CLOSURE+OTHER:EVOLUTION+OTHER:PROJECTION+OTHER:VIRTUAL_WORK 
S11CA_HOMOGENEITY_CONTROL_OPERAND            BESPOKE    8  -                            QUAN+OTHER:CLOSURE+OTHER:EVOLUTION+OTHER:PROJECTION+OTHER:VIRTUAL_WORK 
S11CA_HOMOGENEITY_RESIDUAL                   BESPOKE    8  -                            QUAN+OTHER:CLOSURE+OTHER:EVOLUTION+OTHER:PROJECTION+OTHER:VIRTUAL_WORK 
S11CA_KINEMATIC_BALANCE                         8   16  BRAN+FACE+DOF                BRAN+DENS+FACE+DOF           WL+{DENSITY}
S11CA_PROJECTION_DYNAMIC_OPERAND                8    4  BRAN+DENS+DOF                BRAN+DOF                     PY+{DENSITY}
S11CA_PROJECTION_RESIDUAL                       8    4  BRAN+DENS+DOF                BRAN+DOF                     PY+{DENSITY}
S11CA_PROJECTION_SHAPE_DERIV                    8    4  BRAN+DENS+DOF                BRAN+DOF                     PY+{DENSITY}
S11CA_PROJECTION_STATIC_OPERAND                 8    4  BRAN+DENS+DOF                BRAN+DOF                     PY+{DENSITY}
S11CA_PROJECTION_TERM_ORIGINS                   8   20  BRAN+DENS+DOF                BRAN+DOF+OTHER:DIVERGENCE_OF_PROJECTED_CURRENT+OTHER:TIME_DERIVATIVE_OF_PROJECTED_DENSITY+OTHER:WINDOW_NORMAL_ORIGIN+OTHER:WINDOW_SPACE_ORIGIN+OTHER:WINDOW_TIME_ORIGIN WL+{OTHER:DIVERGENCE_OF_PROJECTED_CURRENT,OTHER:TIME_DERIVATIVE_OF_PROJECTED_DENSITY,OTHER:WINDOW_NORMAL_ORIGIN,OTHER:WINDOW_SPACE_ORIGIN,OTHER:WINDOW_TIME_ORIGIN} PY+{DENSITY}
S11CA_RELATIVE_FLUX                             8   16  BRAN+FACE+DOF                BRAN+DENS+FACE+DOF           WL+{DENSITY}
S11CA_REP_INVARIANCE_EULERIAN_OPERAND          64   80  QUAN+BRAN+DENS+FACE+DOF      QUAN+BRAN+DENS+FACE+DOF+VIRT WL+{VIRTUAL_DOF}
S11CA_REP_INVARIANCE_MATERIAL_OPERAND          64   80  QUAN+BRAN+DENS+FACE+DOF      QUAN+BRAN+DENS+FACE+DOF+VIRT WL+{VIRTUAL_DOF}
S11CA_REP_INVARIANCE_RESIDUAL                  64   80  QUAN+BRAN+DENS+FACE+DOF      QUAN+BRAN+DENS+FACE+DOF+VIRT WL+{VIRTUAL_DOF}
S11CA_TRACTION                                 16   16  BRAN+DENS+FACE+DOF           BRAN+DENS+FACE+DOF           
S11CA_UNIFORM_LIMIT_RESIDUAL                  164  232  QUAN+BRAN+DENS+FACE+DOF+OTHER:BACKGROUND_DENSITY_MAP+OTHER:EVOLUTION_TERM_ORIGINS+OTHER:PROJECTION_TERM_ORIGINS QUAN+BRAN+DENS+FACE+DOF+VIRT+FIEL+OTHER:BACKGROUND_DENSITY_MAP+OTHER:GRADIENT_SIGMA_E_ZERO+OTHER:SIGMA_E_ZERO WL+{FIELD,OTHER:GRADIENT_SIGMA_E_ZERO,OTHER:SIGMA_E_ZERO,VIRTUAL_DOF} PY+{OTHER:EVOLUTION_TERM_ORIGINS,OTHER:PROJECTION_TERM_ORIGINS}
S11CA_UNIFORM_LIMIT_S11B_OPERAND              164  232  QUAN+BRAN+DENS+FACE+DOF+OTHER:BACKGROUND_DENSITY_MAP+OTHER:EVOLUTION_TERM_ORIGINS+OTHER:PROJECTION_TERM_ORIGINS QUAN+BRAN+DENS+FACE+DOF+VIRT+FIEL+OTHER:BACKGROUND_DENSITY_MAP+OTHER:GRADIENT_SIGMA_E_ZERO+OTHER:SIGMA_E_ZERO WL+{FIELD,OTHER:GRADIENT_SIGMA_E_ZERO,OTHER:SIGMA_E_ZERO,VIRTUAL_DOF} PY+{OTHER:EVOLUTION_TERM_ORIGINS,OTHER:PROJECTION_TERM_ORIGINS}
S11CA_UNIFORM_LIMIT_S11CA_OPERAND             164  232  QUAN+BRAN+DENS+FACE+DOF+OTHER:BACKGROUND_DENSITY_MAP+OTHER:EVOLUTION_TERM_ORIGINS+OTHER:PROJECTION_TERM_ORIGINS QUAN+BRAN+DENS+FACE+DOF+VIRT+FIEL+OTHER:BACKGROUND_DENSITY_MAP+OTHER:GRADIENT_SIGMA_E_ZERO+OTHER:SIGMA_E_ZERO WL+{FIELD,OTHER:GRADIENT_SIGMA_E_ZERO,OTHER:SIGMA_E_ZERO,VIRTUAL_DOF} PY+{OTHER:EVOLUTION_TERM_ORIGINS,OTHER:PROJECTION_TERM_ORIGINS}
S11CA_VIRTUAL_CONSTRAINT                        8    8  BRAN+DENS+DOF                BRAN+DENS+DOF                
S11CA_VIRTUAL_WORK_SHAPE_DERIV                  8   16  BRAN+DENS+DOF                BRAN+DENS+DOF+VIRT           WL+{VIRTUAL_DOF}

(full leaf keys -> scratchpad/s11ca_axis_keys.txt)
