--- WL KINEMATIC_BALANCE ---
  => groups: 8, DIFFER=0, IDENTICAL=8
--- WL RELATIVE_FLUX ---
  => groups: 8, DIFFER=0, IDENTICAL=8
--- PY PROJECTION_SHAPE_DERIV ---
  LAB_HELD|DELTA_W         DIFFER  @3810
  LAB_HELD|ZETA_C          DIFFER  @8515
  MATERIAL_ADVECTED|DELTA_W DIFFER  @6958
  MATERIAL_ADVECTED|ZETA_C DIFFER  @6958
  => groups: 4, DIFFER=4, IDENTICAL=0
--- PY PROJECTION_STATIC_OPERAND ---
  => groups: 4, DIFFER=0, IDENTICAL=4
--- PY PROJECTION_DYNAMIC_OPERAND ---
  LAB_HELD|DELTA_W         DIFFER  @3810
  LAB_HELD|ZETA_C          DIFFER  @8515
  MATERIAL_ADVECTED|DELTA_W DIFFER  @6958
  MATERIAL_ADVECTED|ZETA_C DIFFER  @6958
  => groups: 4, DIFFER=4, IDENTICAL=0
--- PY PROJECTION_RESIDUAL ---
  LAB_HELD|DELTA_W         DIFFER  @5279
  LAB_HELD|ZETA_C          DIFFER  @10357
  MATERIAL_ADVECTED|DELTA_W DIFFER  @8800
  MATERIAL_ADVECTED|ZETA_C DIFFER  @8800
  => groups: 4, DIFFER=4, IDENTICAL=0
