
============================================================================================
0) Frozen n=5 EOS anchor
--------------------------------------------------------------------------------------------
[1] P{\left(\rho \right)} = K \rho^{5}

[2] c^{2}_{s}{\left(\rho \right)} = 5 K \rho^{4}

[3] h{\left(\rho \right)} = \frac{5 K \rho^{4}}{4}

[4] U{\left(\rho \right)} = \frac{K \rho^{5}}{4}

[5] \rho\,h'(\rho) = 5 K \rho^{4}

============================================================================================


============================================================================================
1) Canonical 4D GNLS form (compact; PDE we intend to simulate)
--------------------------------------------------------------------------------------------
i \bar{\h} \frac{\partial}{\partial t} \psi{\left(t,x,y,z,w \right)} = - \frac{\bar{\h}^{2} \left(\frac{\partial^{2}}{\partial w^{2}} \psi{\left(t,x,y,z,w \right)} + \frac{\partial^{2}}{\partial x^{2}} \psi{\left(t,x,y,z,w \right)} + \frac{\partial^{2}}{\partial y^{2}} \psi{\left(t,x,y,z,w \right)} + \frac{\partial^{2}}{\partial z^{2}} \psi{\left(t,x,y,z,w \right)}\right)}{2 m} + \left(\frac{5 K \bar\psi^{4}{\left(t,x,y,z,w \right)} \psi^{4}{\left(t,x,y,z,w \right)}}{4} + V_{\rm conf}{\left(x,y,z,w,a,L \right)}\right) \psi{\left(t,x,y,z,w \right)}
============================================================================================


============================================================================================
2) Canonical 4D current components (Jx,Jy,Jz,Jw)
--------------------------------------------------------------------------------------------
[1] - \frac{i \bar{\h} \left(\bar\psi{\left(t,x,y,z,w \right)} \frac{\partial}{\partial x} \psi{\left(t,x,y,z,w \right)} - \psi{\left(t,x,y,z,w \right)} \frac{\partial}{\partial x} \bar\psi{\left(t,x,y,z,w \right)}\right)}{2 m}

[2] - \frac{i \bar{\h} \left(\bar\psi{\left(t,x,y,z,w \right)} \frac{\partial}{\partial y} \psi{\left(t,x,y,z,w \right)} - \psi{\left(t,x,y,z,w \right)} \frac{\partial}{\partial y} \bar\psi{\left(t,x,y,z,w \right)}\right)}{2 m}

[3] - \frac{i \bar{\h} \left(\bar\psi{\left(t,x,y,z,w \right)} \frac{\partial}{\partial z} \psi{\left(t,x,y,z,w \right)} - \psi{\left(t,x,y,z,w \right)} \frac{\partial}{\partial z} \bar\psi{\left(t,x,y,z,w \right)}\right)}{2 m}

[4] - \frac{i \bar{\h} \left(\bar\psi{\left(t,x,y,z,w \right)} \frac{\partial}{\partial w} \psi{\left(t,x,y,z,w \right)} - \psi{\left(t,x,y,z,w \right)} \frac{\partial}{\partial w} \bar\psi{\left(t,x,y,z,w \right)}\right)}{2 m}

============================================================================================


============================================================================================
3) 4D continuity identity: rho_t + div_4 J = 0
--------------------------------------------------------------------------------------------
- \frac{i \bar{\h} \left(\bar\psi{\left(t,x,y,z,w \right)} \frac{\partial^{2}}{\partial w^{2}} \psi{\left(t,x,y,z,w \right)} - \psi{\left(t,x,y,z,w \right)} \frac{\partial^{2}}{\partial w^{2}} \bar\psi{\left(t,x,y,z,w \right)}\right)}{2 m} - \frac{i \bar{\h} \left(\bar\psi{\left(t,x,y,z,w \right)} \frac{\partial^{2}}{\partial x^{2}} \psi{\left(t,x,y,z,w \right)} - \psi{\left(t,x,y,z,w \right)} \frac{\partial^{2}}{\partial x^{2}} \bar\psi{\left(t,x,y,z,w \right)}\right)}{2 m} - \frac{i \bar{\h} \left(\bar\psi{\left(t,x,y,z,w \right)} \frac{\partial^{2}}{\partial y^{2}} \psi{\left(t,x,y,z,w \right)} - \psi{\left(t,x,y,z,w \right)} \frac{\partial^{2}}{\partial y^{2}} \bar\psi{\left(t,x,y,z,w \right)}\right)}{2 m} - \frac{i \bar{\h} \left(\bar\psi{\left(t,x,y,z,w \right)} \frac{\partial^{2}}{\partial z^{2}} \psi{\left(t,x,y,z,w \right)} - \psi{\left(t,x,y,z,w \right)} \frac{\partial^{2}}{\partial z^{2}} \bar\psi{\left(t,x,y,z,w \right)}\right)}{2 m} + \bar\psi{\left(t,x,y,z,w \right)} \frac{\partial}{\partial t} \psi{\left(t,x,y,z,w \right)} + \psi{\left(t,x,y,z,w \right)} \frac{\partial}{\partial t} \bar\psi{\left(t,x,y,z,w \right)} = 0
============================================================================================


============================================================================================
4) Brane projection weight: W(w)\ (unnormalized)
--------------------------------------------------------------------------------------------
W_{t} = W{\left(w \right)}
============================================================================================


============================================================================================
5) Brane-projected density rho_brane = ∫ Wt rho dw
--------------------------------------------------------------------------------------------
\int\limits_{- W_{\rm proj}}^{W_{\rm proj}} W{\left(w \right)} \bar\psi{\left(t,x,y,z,w \right)} \psi{\left(t,x,y,z,w \right)}\, dw
============================================================================================


============================================================================================
6) Brane-projected current components (integrated in w)
--------------------------------------------------------------------------------------------
[1] \int\limits_{- W_{\rm proj}}^{W_{\rm proj}} \left(- \frac{i \bar{\h} \left(\bar\psi{\left(t,x,y,z,w \right)} \frac{\partial}{\partial x} \psi{\left(t,x,y,z,w \right)} - \psi{\left(t,x,y,z,w \right)} \frac{\partial}{\partial x} \bar\psi{\left(t,x,y,z,w \right)}\right) W{\left(w \right)}}{2 m}\right)\, dw

[2] \int\limits_{- W_{\rm proj}}^{W_{\rm proj}} \left(- \frac{i \bar{\h} \left(\bar\psi{\left(t,x,y,z,w \right)} \frac{\partial}{\partial y} \psi{\left(t,x,y,z,w \right)} - \psi{\left(t,x,y,z,w \right)} \frac{\partial}{\partial y} \bar\psi{\left(t,x,y,z,w \right)}\right) W{\left(w \right)}}{2 m}\right)\, dw

[3] \int\limits_{- W_{\rm proj}}^{W_{\rm proj}} \left(- \frac{i \bar{\h} \left(\bar\psi{\left(t,x,y,z,w \right)} \frac{\partial}{\partial z} \psi{\left(t,x,y,z,w \right)} - \psi{\left(t,x,y,z,w \right)} \frac{\partial}{\partial z} \bar\psi{\left(t,x,y,z,w \right)}\right) W{\left(w \right)}}{2 m}\right)\, dw

============================================================================================


============================================================================================
7) Exact projected continuity: (rho_brane)_t + div_3(J_brane) = S_rho_brane
--------------------------------------------------------------------------------------------
\int\limits_{- W_{\rm proj}}^{W_{\rm proj}} \left(- \frac{i \bar{\h} \left(\bar\psi{\left(t,x,y,z,w \right)} \frac{\partial^{2}}{\partial x^{2}} \psi{\left(t,x,y,z,w \right)} - \psi{\left(t,x,y,z,w \right)} \frac{\partial^{2}}{\partial x^{2}} \bar\psi{\left(t,x,y,z,w \right)}\right) W{\left(w \right)}}{2 m}\right)\, dw + \int\limits_{- W_{\rm proj}}^{W_{\rm proj}} \left(- \frac{i \bar{\h} \left(\bar\psi{\left(t,x,y,z,w \right)} \frac{\partial^{2}}{\partial y^{2}} \psi{\left(t,x,y,z,w \right)} - \psi{\left(t,x,y,z,w \right)} \frac{\partial^{2}}{\partial y^{2}} \bar\psi{\left(t,x,y,z,w \right)}\right) W{\left(w \right)}}{2 m}\right)\, dw + \int\limits_{- W_{\rm proj}}^{W_{\rm proj}} \left(- \frac{i \bar{\h} \left(\bar\psi{\left(t,x,y,z,w \right)} \frac{\partial^{2}}{\partial z^{2}} \psi{\left(t,x,y,z,w \right)} - \psi{\left(t,x,y,z,w \right)} \frac{\partial^{2}}{\partial z^{2}} \bar\psi{\left(t,x,y,z,w \right)}\right) W{\left(w \right)}}{2 m}\right)\, dw + \int\limits_{- W_{\rm proj}}^{W_{\rm proj}} \left(W{\left(w \right)} \bar\psi{\left(t,x,y,z,w \right)} \frac{\partial}{\partial t} \psi{\left(t,x,y,z,w \right)} + W{\left(w \right)} \psi{\left(t,x,y,z,w \right)} \frac{\partial}{\partial t} \bar\psi{\left(t,x,y,z,w \right)}\right)\, dw = - \frac{i \bar{\h} \left(\bar\psi{\left(t,x,y,z,- W_{\rm proj} \right)} \left. \frac{\partial}{\partial w} \psi{\left(t,x,y,z,w \right)} \right|_{\substack{ w=- W_{\rm proj} }} - \psi{\left(t,x,y,z,- W_{\rm proj} \right)} \left. \frac{\partial}{\partial w} \bar\psi{\left(t,x,y,z,w \right)} \right|_{\substack{ w=- W_{\rm proj} }}\right) W{\left(- W_{\rm proj} \right)}}{2 m} + \frac{i \bar{\h} \left(\bar\psi{\left(t,x,y,z,W_{\rm proj} \right)} \frac{\partial}{\partial W_{\rm proj}} \psi{\left(t,x,y,z,W_{\rm proj} \right)} - \psi{\left(t,x,y,z,W_{\rm proj} \right)} \frac{\partial}{\partial W_{\rm proj}} \bar\psi{\left(t,x,y,z,W_{\rm proj} \right)}\right) W{\left(W_{\rm proj} \right)}}{2 m} + \int\limits_{- W_{\rm proj}}^{W_{\rm proj}} \left(- \frac{i \bar{\h} \left(\bar\psi{\left(t,x,y,z,w \right)} \frac{\partial}{\partial w} \psi{\left(t,x,y,z,w \right)} - \psi{\left(t,x,y,z,w \right)} \frac{\partial}{\partial w} \bar\psi{\left(t,x,y,z,w \right)}\right) \frac{d}{d w} W{\left(w \right)}}{2 m}\right)\, dw
============================================================================================


============================================================================================
8) Exact brane source term S_rho_brane (purely from J_w)
--------------------------------------------------------------------------------------------
- \frac{i \bar{\h} \left(\bar\psi{\left(t,x,y,z,- W_{\rm proj} \right)} \left. \frac{\partial}{\partial w} \psi{\left(t,x,y,z,w \right)} \right|_{\substack{ w=- W_{\rm proj} }} - \psi{\left(t,x,y,z,- W_{\rm proj} \right)} \left. \frac{\partial}{\partial w} \bar\psi{\left(t,x,y,z,w \right)} \right|_{\substack{ w=- W_{\rm proj} }}\right) W{\left(- W_{\rm proj} \right)}}{2 m} + \frac{i \bar{\h} \left(\bar\psi{\left(t,x,y,z,W_{\rm proj} \right)} \frac{\partial}{\partial W_{\rm proj}} \psi{\left(t,x,y,z,W_{\rm proj} \right)} - \psi{\left(t,x,y,z,W_{\rm proj} \right)} \frac{\partial}{\partial W_{\rm proj}} \bar\psi{\left(t,x,y,z,W_{\rm proj} \right)}\right) W{\left(W_{\rm proj} \right)}}{2 m} + \int\limits_{- W_{\rm proj}}^{W_{\rm proj}} \left(- \frac{i \bar{\h} \left(\bar\psi{\left(t,x,y,z,w \right)} \frac{\partial}{\partial w} \psi{\left(t,x,y,z,w \right)} - \psi{\left(t,x,y,z,w \right)} \frac{\partial}{\partial w} \bar\psi{\left(t,x,y,z,w \right)}\right) \frac{d}{d w} W{\left(w \right)}}{2 m}\right)\, dw
============================================================================================


============================================================================================
8b) Brane-observed velocity v_brane = J_brane / rho_brane
--------------------------------------------------------------------------------------------
[1] \frac{\int\limits_{- W_{\rm proj}}^{W_{\rm proj}} \left(- \frac{i \bar{\h} \left(\bar\psi{\left(t,x,y,z,w \right)} \frac{\partial}{\partial x} \psi{\left(t,x,y,z,w \right)} - \psi{\left(t,x,y,z,w \right)} \frac{\partial}{\partial x} \bar\psi{\left(t,x,y,z,w \right)}\right) W{\left(w \right)}}{2 m}\right)\, dw}{\int\limits_{- W_{\rm proj}}^{W_{\rm proj}} W{\left(w \right)} \bar\psi{\left(t,x,y,z,w \right)} \psi{\left(t,x,y,z,w \right)}\, dw}

[2] \frac{\int\limits_{- W_{\rm proj}}^{W_{\rm proj}} \left(- \frac{i \bar{\h} \left(\bar\psi{\left(t,x,y,z,w \right)} \frac{\partial}{\partial y} \psi{\left(t,x,y,z,w \right)} - \psi{\left(t,x,y,z,w \right)} \frac{\partial}{\partial y} \bar\psi{\left(t,x,y,z,w \right)}\right) W{\left(w \right)}}{2 m}\right)\, dw}{\int\limits_{- W_{\rm proj}}^{W_{\rm proj}} W{\left(w \right)} \bar\psi{\left(t,x,y,z,w \right)} \psi{\left(t,x,y,z,w \right)}\, dw}

[3] \frac{\int\limits_{- W_{\rm proj}}^{W_{\rm proj}} \left(- \frac{i \bar{\h} \left(\bar\psi{\left(t,x,y,z,w \right)} \frac{\partial}{\partial z} \psi{\left(t,x,y,z,w \right)} - \psi{\left(t,x,y,z,w \right)} \frac{\partial}{\partial z} \bar\psi{\left(t,x,y,z,w \right)}\right) W{\left(w \right)}}{2 m}\right)\, dw}{\int\limits_{- W_{\rm proj}}^{W_{\rm proj}} W{\left(w \right)} \bar\psi{\left(t,x,y,z,w \right)} \psi{\left(t,x,y,z,w \right)}\, dw}

============================================================================================


============================================================================================
8c) Brane-observed vorticity ω_brane = ∇×v_brane (compact form)
--------------------------------------------------------------------------------------------
[1] - \frac{- \left(\int\limits_{- W_{\rm proj}}^{W_{\rm proj}} \left(- \frac{i \bar{\h} \left(\bar\psi{\left(t,x,y,z,w \right)} \frac{\partial}{\partial y} \psi{\left(t,x,y,z,w \right)} - \psi{\left(t,x,y,z,w \right)} \frac{\partial}{\partial y} \bar\psi{\left(t,x,y,z,w \right)}\right) W{\left(w \right)}}{2 m}\right)\, dw\right) \int\limits_{- W_{\rm proj}}^{W_{\rm proj}} \left(W{\left(w \right)} \bar\psi{\left(t,x,y,z,w \right)} \frac{\partial}{\partial z} \psi{\left(t,x,y,z,w \right)} + W{\left(w \right)} \psi{\left(t,x,y,z,w \right)} \frac{\partial}{\partial z} \bar\psi{\left(t,x,y,z,w \right)}\right)\, dw + \left(\int\limits_{- W_{\rm proj}}^{W_{\rm proj}} \left(- \frac{i \bar{\h} \left(\bar\psi{\left(t,x,y,z,w \right)} \frac{\partial}{\partial z} \psi{\left(t,x,y,z,w \right)} - \psi{\left(t,x,y,z,w \right)} \frac{\partial}{\partial z} \bar\psi{\left(t,x,y,z,w \right)}\right) W{\left(w \right)}}{2 m}\right)\, dw\right) \int\limits_{- W_{\rm proj}}^{W_{\rm proj}} \left(W{\left(w \right)} \bar\psi{\left(t,x,y,z,w \right)} \frac{\partial}{\partial y} \psi{\left(t,x,y,z,w \right)} + W{\left(w \right)} \psi{\left(t,x,y,z,w \right)} \frac{\partial}{\partial y} \bar\psi{\left(t,x,y,z,w \right)}\right)\, dw}{\left(\int\limits_{- W_{\rm proj}}^{W_{\rm proj}} W{\left(w \right)} \bar\psi{\left(t,x,y,z,w \right)} \psi{\left(t,x,y,z,w \right)}\, dw\right)^{2}} + \frac{- \int\limits_{- W_{\rm proj}}^{W_{\rm proj}} \left(- \frac{i \bar{\h} \left(\bar\psi{\left(t,x,y,z,w \right)} \frac{\partial^{2}}{\partial z\partial y} \psi{\left(t,x,y,z,w \right)} - \psi{\left(t,x,y,z,w \right)} \frac{\partial^{2}}{\partial z\partial y} \bar\psi{\left(t,x,y,z,w \right)} - \frac{\partial}{\partial y} \bar\psi{\left(t,x,y,z,w \right)} \frac{\partial}{\partial z} \psi{\left(t,x,y,z,w \right)} + \frac{\partial}{\partial z} \bar\psi{\left(t,x,y,z,w \right)} \frac{\partial}{\partial y} \psi{\left(t,x,y,z,w \right)}\right) W{\left(w \right)}}{2 m}\right)\, dw + \int\limits_{- W_{\rm proj}}^{W_{\rm proj}} \left(- \frac{i \bar{\h} \left(\bar\psi{\left(t,x,y,z,w \right)} \frac{\partial^{2}}{\partial z\partial y} \psi{\left(t,x,y,z,w \right)} - \psi{\left(t,x,y,z,w \right)} \frac{\partial^{2}}{\partial z\partial y} \bar\psi{\left(t,x,y,z,w \right)} + \frac{\partial}{\partial y} \bar\psi{\left(t,x,y,z,w \right)} \frac{\partial}{\partial z} \psi{\left(t,x,y,z,w \right)} - \frac{\partial}{\partial z} \bar\psi{\left(t,x,y,z,w \right)} \frac{\partial}{\partial y} \psi{\left(t,x,y,z,w \right)}\right) W{\left(w \right)}}{2 m}\right)\, dw}{\int\limits_{- W_{\rm proj}}^{W_{\rm proj}} W{\left(w \right)} \bar\psi{\left(t,x,y,z,w \right)} \psi{\left(t,x,y,z,w \right)}\, dw}

[2] - \frac{\left(\int\limits_{- W_{\rm proj}}^{W_{\rm proj}} \left(- \frac{i \bar{\h} \left(\bar\psi{\left(t,x,y,z,w \right)} \frac{\partial}{\partial x} \psi{\left(t,x,y,z,w \right)} - \psi{\left(t,x,y,z,w \right)} \frac{\partial}{\partial x} \bar\psi{\left(t,x,y,z,w \right)}\right) W{\left(w \right)}}{2 m}\right)\, dw\right) \int\limits_{- W_{\rm proj}}^{W_{\rm proj}} \left(W{\left(w \right)} \bar\psi{\left(t,x,y,z,w \right)} \frac{\partial}{\partial z} \psi{\left(t,x,y,z,w \right)} + W{\left(w \right)} \psi{\left(t,x,y,z,w \right)} \frac{\partial}{\partial z} \bar\psi{\left(t,x,y,z,w \right)}\right)\, dw - \left(\int\limits_{- W_{\rm proj}}^{W_{\rm proj}} \left(- \frac{i \bar{\h} \left(\bar\psi{\left(t,x,y,z,w \right)} \frac{\partial}{\partial z} \psi{\left(t,x,y,z,w \right)} - \psi{\left(t,x,y,z,w \right)} \frac{\partial}{\partial z} \bar\psi{\left(t,x,y,z,w \right)}\right) W{\left(w \right)}}{2 m}\right)\, dw\right) \int\limits_{- W_{\rm proj}}^{W_{\rm proj}} \left(W{\left(w \right)} \bar\psi{\left(t,x,y,z,w \right)} \frac{\partial}{\partial x} \psi{\left(t,x,y,z,w \right)} + W{\left(w \right)} \psi{\left(t,x,y,z,w \right)} \frac{\partial}{\partial x} \bar\psi{\left(t,x,y,z,w \right)}\right)\, dw}{\left(\int\limits_{- W_{\rm proj}}^{W_{\rm proj}} W{\left(w \right)} \bar\psi{\left(t,x,y,z,w \right)} \psi{\left(t,x,y,z,w \right)}\, dw\right)^{2}} + \frac{\int\limits_{- W_{\rm proj}}^{W_{\rm proj}} \left(- \frac{i \bar{\h} \left(\bar\psi{\left(t,x,y,z,w \right)} \frac{\partial^{2}}{\partial z\partial x} \psi{\left(t,x,y,z,w \right)} - \psi{\left(t,x,y,z,w \right)} \frac{\partial^{2}}{\partial z\partial x} \bar\psi{\left(t,x,y,z,w \right)} - \frac{\partial}{\partial x} \bar\psi{\left(t,x,y,z,w \right)} \frac{\partial}{\partial z} \psi{\left(t,x,y,z,w \right)} + \frac{\partial}{\partial z} \bar\psi{\left(t,x,y,z,w \right)} \frac{\partial}{\partial x} \psi{\left(t,x,y,z,w \right)}\right) W{\left(w \right)}}{2 m}\right)\, dw - \int\limits_{- W_{\rm proj}}^{W_{\rm proj}} \left(- \frac{i \bar{\h} \left(\bar\psi{\left(t,x,y,z,w \right)} \frac{\partial^{2}}{\partial z\partial x} \psi{\left(t,x,y,z,w \right)} - \psi{\left(t,x,y,z,w \right)} \frac{\partial^{2}}{\partial z\partial x} \bar\psi{\left(t,x,y,z,w \right)} + \frac{\partial}{\partial x} \bar\psi{\left(t,x,y,z,w \right)} \frac{\partial}{\partial z} \psi{\left(t,x,y,z,w \right)} - \frac{\partial}{\partial z} \bar\psi{\left(t,x,y,z,w \right)} \frac{\partial}{\partial x} \psi{\left(t,x,y,z,w \right)}\right) W{\left(w \right)}}{2 m}\right)\, dw}{\int\limits_{- W_{\rm proj}}^{W_{\rm proj}} W{\left(w \right)} \bar\psi{\left(t,x,y,z,w \right)} \psi{\left(t,x,y,z,w \right)}\, dw}

[3] - \frac{- \left(\int\limits_{- W_{\rm proj}}^{W_{\rm proj}} \left(- \frac{i \bar{\h} \left(\bar\psi{\left(t,x,y,z,w \right)} \frac{\partial}{\partial x} \psi{\left(t,x,y,z,w \right)} - \psi{\left(t,x,y,z,w \right)} \frac{\partial}{\partial x} \bar\psi{\left(t,x,y,z,w \right)}\right) W{\left(w \right)}}{2 m}\right)\, dw\right) \int\limits_{- W_{\rm proj}}^{W_{\rm proj}} \left(W{\left(w \right)} \bar\psi{\left(t,x,y,z,w \right)} \frac{\partial}{\partial y} \psi{\left(t,x,y,z,w \right)} + W{\left(w \right)} \psi{\left(t,x,y,z,w \right)} \frac{\partial}{\partial y} \bar\psi{\left(t,x,y,z,w \right)}\right)\, dw + \left(\int\limits_{- W_{\rm proj}}^{W_{\rm proj}} \left(- \frac{i \bar{\h} \left(\bar\psi{\left(t,x,y,z,w \right)} \frac{\partial}{\partial y} \psi{\left(t,x,y,z,w \right)} - \psi{\left(t,x,y,z,w \right)} \frac{\partial}{\partial y} \bar\psi{\left(t,x,y,z,w \right)}\right) W{\left(w \right)}}{2 m}\right)\, dw\right) \int\limits_{- W_{\rm proj}}^{W_{\rm proj}} \left(W{\left(w \right)} \bar\psi{\left(t,x,y,z,w \right)} \frac{\partial}{\partial x} \psi{\left(t,x,y,z,w \right)} + W{\left(w \right)} \psi{\left(t,x,y,z,w \right)} \frac{\partial}{\partial x} \bar\psi{\left(t,x,y,z,w \right)}\right)\, dw}{\left(\int\limits_{- W_{\rm proj}}^{W_{\rm proj}} W{\left(w \right)} \bar\psi{\left(t,x,y,z,w \right)} \psi{\left(t,x,y,z,w \right)}\, dw\right)^{2}} + \frac{- \int\limits_{- W_{\rm proj}}^{W_{\rm proj}} \left(- \frac{i \bar{\h} \left(\bar\psi{\left(t,x,y,z,w \right)} \frac{\partial^{2}}{\partial y\partial x} \psi{\left(t,x,y,z,w \right)} - \psi{\left(t,x,y,z,w \right)} \frac{\partial^{2}}{\partial y\partial x} \bar\psi{\left(t,x,y,z,w \right)} - \frac{\partial}{\partial x} \bar\psi{\left(t,x,y,z,w \right)} \frac{\partial}{\partial y} \psi{\left(t,x,y,z,w \right)} + \frac{\partial}{\partial y} \bar\psi{\left(t,x,y,z,w \right)} \frac{\partial}{\partial x} \psi{\left(t,x,y,z,w \right)}\right) W{\left(w \right)}}{2 m}\right)\, dw + \int\limits_{- W_{\rm proj}}^{W_{\rm proj}} \left(- \frac{i \bar{\h} \left(\bar\psi{\left(t,x,y,z,w \right)} \frac{\partial^{2}}{\partial y\partial x} \psi{\left(t,x,y,z,w \right)} - \psi{\left(t,x,y,z,w \right)} \frac{\partial^{2}}{\partial y\partial x} \bar\psi{\left(t,x,y,z,w \right)} + \frac{\partial}{\partial x} \bar\psi{\left(t,x,y,z,w \right)} \frac{\partial}{\partial y} \psi{\left(t,x,y,z,w \right)} - \frac{\partial}{\partial y} \bar\psi{\left(t,x,y,z,w \right)} \frac{\partial}{\partial x} \psi{\left(t,x,y,z,w \right)}\right) W{\left(w \right)}}{2 m}\right)\, dw}{\int\limits_{- W_{\rm proj}}^{W_{\rm proj}} W{\left(w \right)} \bar\psi{\left(t,x,y,z,w \right)} \psi{\left(t,x,y,z,w \right)}\, dw}

============================================================================================


============================================================================================
8d) Exact identity for ∇·v_brane from projected continuity
--------------------------------------------------------------------------------------------
\nabla\cdot v_{\rm brane} = - \frac{\left(\int\limits_{- W_{\rm proj}}^{W_{\rm proj}} \left(- \frac{i \bar{\h} \left(\bar\psi{\left(t,x,y,z,w \right)} \frac{\partial}{\partial x} \psi{\left(t,x,y,z,w \right)} - \psi{\left(t,x,y,z,w \right)} \frac{\partial}{\partial x} \bar\psi{\left(t,x,y,z,w \right)}\right) W{\left(w \right)}}{2 m}\right)\, dw\right) \int\limits_{- W_{\rm proj}}^{W_{\rm proj}} \left(W{\left(w \right)} \bar\psi{\left(t,x,y,z,w \right)} \frac{\partial}{\partial x} \psi{\left(t,x,y,z,w \right)} + W{\left(w \right)} \psi{\left(t,x,y,z,w \right)} \frac{\partial}{\partial x} \bar\psi{\left(t,x,y,z,w \right)}\right)\, dw + \left(\int\limits_{- W_{\rm proj}}^{W_{\rm proj}} \left(- \frac{i \bar{\h} \left(\bar\psi{\left(t,x,y,z,w \right)} \frac{\partial}{\partial y} \psi{\left(t,x,y,z,w \right)} - \psi{\left(t,x,y,z,w \right)} \frac{\partial}{\partial y} \bar\psi{\left(t,x,y,z,w \right)}\right) W{\left(w \right)}}{2 m}\right)\, dw\right) \int\limits_{- W_{\rm proj}}^{W_{\rm proj}} \left(W{\left(w \right)} \bar\psi{\left(t,x,y,z,w \right)} \frac{\partial}{\partial y} \psi{\left(t,x,y,z,w \right)} + W{\left(w \right)} \psi{\left(t,x,y,z,w \right)} \frac{\partial}{\partial y} \bar\psi{\left(t,x,y,z,w \right)}\right)\, dw + \left(\int\limits_{- W_{\rm proj}}^{W_{\rm proj}} \left(- \frac{i \bar{\h} \left(\bar\psi{\left(t,x,y,z,w \right)} \frac{\partial}{\partial z} \psi{\left(t,x,y,z,w \right)} - \psi{\left(t,x,y,z,w \right)} \frac{\partial}{\partial z} \bar\psi{\left(t,x,y,z,w \right)}\right) W{\left(w \right)}}{2 m}\right)\, dw\right) \int\limits_{- W_{\rm proj}}^{W_{\rm proj}} \left(W{\left(w \right)} \bar\psi{\left(t,x,y,z,w \right)} \frac{\partial}{\partial z} \psi{\left(t,x,y,z,w \right)} + W{\left(w \right)} \psi{\left(t,x,y,z,w \right)} \frac{\partial}{\partial z} \bar\psi{\left(t,x,y,z,w \right)}\right)\, dw}{\left(\int\limits_{- W_{\rm proj}}^{W_{\rm proj}} W{\left(w \right)} \bar\psi{\left(t,x,y,z,w \right)} \psi{\left(t,x,y,z,w \right)}\, dw\right)^{2}} + \frac{- \frac{i \bar{\h} \left(\bar\psi{\left(t,x,y,z,- W_{\rm proj} \right)} \left. \frac{\partial}{\partial w} \psi{\left(t,x,y,z,w \right)} \right|_{\substack{ w=- W_{\rm proj} }} - \psi{\left(t,x,y,z,- W_{\rm proj} \right)} \left. \frac{\partial}{\partial w} \bar\psi{\left(t,x,y,z,w \right)} \right|_{\substack{ w=- W_{\rm proj} }}\right) W{\left(- W_{\rm proj} \right)}}{2 m} + \frac{i \bar{\h} \left(\bar\psi{\left(t,x,y,z,W_{\rm proj} \right)} \frac{\partial}{\partial W_{\rm proj}} \psi{\left(t,x,y,z,W_{\rm proj} \right)} - \psi{\left(t,x,y,z,W_{\rm proj} \right)} \frac{\partial}{\partial W_{\rm proj}} \bar\psi{\left(t,x,y,z,W_{\rm proj} \right)}\right) W{\left(W_{\rm proj} \right)}}{2 m} + \int\limits_{- W_{\rm proj}}^{W_{\rm proj}} \left(- \frac{i \bar{\h} \left(\bar\psi{\left(t,x,y,z,w \right)} \frac{\partial}{\partial w} \psi{\left(t,x,y,z,w \right)} - \psi{\left(t,x,y,z,w \right)} \frac{\partial}{\partial w} \bar\psi{\left(t,x,y,z,w \right)}\right) \frac{d}{d w} W{\left(w \right)}}{2 m}\right)\, dw - \int\limits_{- W_{\rm proj}}^{W_{\rm proj}} \left(W{\left(w \right)} \bar\psi{\left(t,x,y,z,w \right)} \frac{\partial}{\partial t} \psi{\left(t,x,y,z,w \right)} + W{\left(w \right)} \psi{\left(t,x,y,z,w \right)} \frac{\partial}{\partial t} \bar\psi{\left(t,x,y,z,w \right)}\right)\, dw}{\int\limits_{- W_{\rm proj}}^{W_{\rm proj}} W{\left(w \right)} \bar\psi{\left(t,x,y,z,w \right)} \psi{\left(t,x,y,z,w \right)}\, dw}
============================================================================================


============================================================================================
8e) Quasi-static, weak-compressibility candidate (not forced): ∇·v_brane ≈ S_brane/ρ0
--------------------------------------------------------------------------------------------
\nabla\cdot v_{\rm brane} = \frac{S_{\rm brane}}{\rho_{0}}
============================================================================================


============================================================================================
8f) If v_L = ∇φ3 is the longitudinal part, then ∇²φ3 = ∇·v_brane ⇒ ρ0 ∇²φ3 ≈ S_brane
--------------------------------------------------------------------------------------------
\nabla^{2 \phi}_{3} \rho_{0} = S_{\rm brane}
============================================================================================


============================================================================================
9) Linearized brane acoustic relations (assumptions stated; do not force Poisson)
--------------------------------------------------------------------------------------------
[1] h'(\rho_{0)} = 5 K \rho_{0}^{3}

[2] c_{s,0}^2 = 5 K \rho_{0}^{4}

[3] \rho_{0 h'(\rho 0)} = 5 K \rho_{0}^{4}

[4] \rho_{0} \left(\frac{\partial^{2}}{\partial x^{2}} \phi_{3}{\left(t,x,y,z \right)} + \frac{\partial^{2}}{\partial y^{2}} \phi_{3}{\left(t,x,y,z \right)} + \frac{\partial^{2}}{\partial z^{2}} \phi_{3}{\left(t,x,y,z \right)}\right) + \frac{\partial}{\partial t} \delta\rho_{\rm brane}{\left(t,x,y,z \right)} = S_{\rm brane}{\left(t,x,y,z \right)}

[5] u{\left(t,x,y,z \right)} = 5 K \rho_{0}^{3} \delta\rho_{\rm brane}{\left(t,x,y,z \right)}

[6] \frac{\partial}{\partial t} \phi_{3}{\left(t,x,y,z \right)} + \frac{u{\left(t,x,y,z \right)}}{m} = 0

============================================================================================


============================================================================================
10) Forced wave equation for brane velocity potential φ3
--------------------------------------------------------------------------------------------
- \frac{5 K \rho_{0}^{4} \left(\frac{\partial^{2}}{\partial x^{2}} \phi_{3}{\left(t,x,y,z \right)} + \frac{\partial^{2}}{\partial y^{2}} \phi_{3}{\left(t,x,y,z \right)} + \frac{\partial^{2}}{\partial z^{2}} \phi_{3}{\left(t,x,y,z \right)}\right)}{m} + \frac{\partial^{2}}{\partial t^{2}} \phi_{3}{\left(t,x,y,z \right)} = - \frac{5 K \rho_{0}^{3} S_{\rm brane}{\left(t,x,y,z \right)}}{m}
============================================================================================


============================================================================================
11) Static-limit candidate (if φ_tt is negligible): ρ0 ∇^2 φ3 = S_brane
--------------------------------------------------------------------------------------------
\rho_{0} \left(\frac{\partial^{2}}{\partial x^{2}} \phi_{3}{\left(t,x,y,z \right)} + \frac{\partial^{2}}{\partial y^{2}} \phi_{3}{\left(t,x,y,z \right)} + \frac{\partial^{2}}{\partial z^{2}} \phi_{3}{\left(t,x,y,z \right)}\right) = S_{\rm brane}{\left(t,x,y,z \right)}
============================================================================================


============================================================================================
18) Frozen geometry energy E_geom(a,L)=Pvac V + σ A (cylindrical approx)
--------------------------------------------------------------------------------------------
\frac{4 \pi L P_{\rm vac} a^{3}}{3} + \sigma \left(4 \pi L a^{2} + \frac{8 \pi a^{3}}{3}\right)
============================================================================================


============================================================================================
19) Geometry derivatives (for force ledger regression checks): ∂aE, ∂LE
--------------------------------------------------------------------------------------------
[1] 4 \pi L P_{\rm vac} a^{2} + \sigma \left(8 \pi L a + 8 \pi a^{2}\right)

[2] \frac{4 \pi P_{\rm vac} a^{3}}{3} + 4 \pi \sigma a^{2}

============================================================================================

