=== KEY_FACT_SIGMA_W_GRADE ===
KEY_FACT_dW_order_1_(x,)_ETA_DEGREE: 1
KEY_FACT_dW_order_1_(x,)_EXPR: W0*eta_bg*Derivative(w1(x, y, z), x)
KEY_FACT_dW_order_2_(x, x)_ETA_DEGREE: 1
KEY_FACT_dW_order_2_(x, x)_EXPR: W0*eta_bg*Derivative(w1(x, y, z), (x, 2))
KEY_FACT_dW_order_3_(x, x, x)_ETA_DEGREE: 1
KEY_FACT_dW_order_3_(x, x, x)_EXPR: W0*eta_bg*Derivative(w1(x, y, z), (x, 3))
KEY_FACT_dW_order_3_(x, y, z)_ETA_DEGREE: 1
KEY_FACT_dW_order_3_(x, y, z)_EXPR: W0*eta_bg*Derivative(w1(x, y, z), x, y, z)
KEY_FACT_PRODUCT_TWO_FIRST_JETS_ETA_DEGREE: 2

=== TERM_A_DIVU_GRADTHETA_SPURION ===
TERM_A_DIVU_GRADTHETA_SPURION_DENSITY_W_ORDERS: [0, 1]
TERM_A_DIVU_GRADTHETA_SPURION_FLUX_dL_d(du)_W_ORDERS: [0, 1]
TERM_A_DIVU_GRADTHETA_SPURION_LOCAL_dL_du_W_ORDERS: []
TERM_A_DIVU_GRADTHETA_SPURION_UNCONSTRAINED_EL_U_W_ORDERS: [0, 1, 2]
TERM_A_DIVU_GRADTHETA_SPURION_P_MAX_FLUX_ORDER: 1
TERM_A_DIVU_GRADTHETA_SPURION_ROW_MAX_ORDER: 2

=== TERM_B_UNIFORM_W_TIMES_GRADU_SQ ===
TERM_B_UNIFORM_W_TIMES_GRADU_SQ_DENSITY_W_ORDERS: [0]
TERM_B_UNIFORM_W_TIMES_GRADU_SQ_FLUX_dL_d(du)_W_ORDERS: [0]
TERM_B_UNIFORM_W_TIMES_GRADU_SQ_LOCAL_dL_du_W_ORDERS: []
TERM_B_UNIFORM_W_TIMES_GRADU_SQ_UNCONSTRAINED_EL_U_W_ORDERS: [0, 1]
TERM_B_UNIFORM_W_TIMES_GRADU_SQ_P_MAX_FLUX_ORDER: 0
TERM_B_UNIFORM_W_TIMES_GRADU_SQ_ROW_MAX_ORDER: 1

=== TERM_C_SPURION_GRADEW_GRADU ===
TERM_C_SPURION_GRADEW_GRADU_DENSITY_W_ORDERS: [0, 1]
TERM_C_SPURION_GRADEW_GRADU_FLUX_dL_d(du)_W_ORDERS: [0, 1]
TERM_C_SPURION_GRADEW_GRADU_LOCAL_dL_du_W_ORDERS: []
TERM_C_SPURION_GRADEW_GRADU_UNCONSTRAINED_EL_U_W_ORDERS: [0, 1, 2]
TERM_C_SPURION_GRADEW_GRADU_P_MAX_FLUX_ORDER: 1
TERM_C_SPURION_GRADEW_GRADU_ROW_MAX_ORDER: 2
TERM_C_DENSITY_EXPANDED_W_ORDERS:  [0, 1]

=== TERM_D_U_THETA_SPURION ===
TERM_D_U_THETA_SPURION_DENSITY_W_ORDERS: [0, 1]
TERM_D_U_THETA_SPURION_FLUX_dL_d(du)_W_ORDERS: []
TERM_D_U_THETA_SPURION_LOCAL_dL_du_W_ORDERS: [0, 1]
TERM_D_U_THETA_SPURION_UNCONSTRAINED_EL_U_W_ORDERS: [0, 1]
TERM_D_U_THETA_SPURION_P_MAX_FLUX_ORDER: 0
TERM_D_U_THETA_SPURION_ROW_MAX_ORDER: 1

=== CONSTRAINT_MIX_A_EL_U_MINUS_GRAD_MU_THETA ===
MU_THETA_A_W_ORDERS: [0, 1, 2]
MIXED_ROW_0_W_ORDERS: [0, 1, 2, 3]
UNCONSTRAINED_ROW_0_W_ORDERS: [0, 1, 2]
MIXED_ROW_1_W_ORDERS: [0, 1, 2, 3]
UNCONSTRAINED_ROW_1_W_ORDERS: [0, 1, 2]
MIXED_ROW_2_W_ORDERS: [0, 1, 2, 3]
UNCONSTRAINED_ROW_2_W_ORDERS: [0, 1, 2]
CONSTRAINT_MIX_MAX_W_ORDER: 3
UNCONSTRAINED_MAX_W_ORDER: 2
NEG_GRAD_MU_THETA_W_ORDERS: [0, 1, 2, 3]

=== CONSTRAINT_MIX_A_PLUS_MU_GRADLOGW ===
FULL_CONSTRAINED_ROW_0_W_ORDERS: [0, 1, 2, 3]
FULL_CONSTRAINED_ROW_1_W_ORDERS: [0, 1, 2, 3]
FULL_CONSTRAINED_ROW_2_W_ORDERS: [0, 1, 2, 3]
FULL_CONSTRAINED_MAX_W_ORDER: 3

DONE
