Building construct_energy(LAB_HELD, background_depth=3) ...
ENERGY_TERM_COUNT: 40
ENERGY_COUNT_FIELD: 40

=== ENERGY_DENSITY ===
DENSITY_BG_JET_ORDERS: [1]
DENSITY_ORDER>=2_ATOMS (0): []
DENSITY_ORDER>=3_ATOMS (0): []
DENSITY_SIGMA_W_POWERS_PRESENT: []

=== PER_TERM_DENSITY_JET_ORDERS ===
NO_TERM_HAS_ORDER_GE_2

=== U_FLUX_AND_LOCAL ===
LOCAL_dL_du[0]_ORDERS: [1]
FLUX_dL_d(du)[0,0]_ORDERS: [1]
FLUX_dL_d(du)[0,1]_ORDERS: [1]
FLUX_dL_d(du)[0,2]_ORDERS: [1]
LOCAL_dL_du[1]_ORDERS: [1]
FLUX_dL_d(du)[1,0]_ORDERS: [1]
FLUX_dL_d(du)[1,1]_ORDERS: [1]
FLUX_dL_d(du)[1,2]_ORDERS: [1]
LOCAL_dL_du[2]_ORDERS: [1]
FLUX_dL_d(du)[2,0]_ORDERS: [1]
FLUX_dL_d(du)[2,1]_ORDERS: [1]
FLUX_dL_d(du)[2,2]_ORDERS: [1]
FLUX_MAX_ORDER_P: 1
FLUX_ALL_ORDERS: [1]
FLUX_N_HESSIAN_ATOM_HITS: 0
FLUX_ORDER3_ATOMS: []
LOCAL_ALL_ORDERS: [1]
LOCAL_ORDER3_ATOMS: []

=== UNCONSTRAINED_LIVE_STRONG_ROWS depth=3 ===
U_EL_UNCONSTRAINED_BG_JET_ORDERS: [1, 2]
U_EL_UNCONSTRAINED_N_HESSIAN_ATOMS: 12
U_EL_UNCONSTRAINED_ORDER3_ATOMS (0): []
THETA_EL_BG_JET_ORDERS: [1, 2]
THETA_EL_ORDER3_ATOMS: []
EW_EL_BG_JET_ORDERS: [1, 2]
EW_EL_ORDER3_ATOMS: []

=== RETAINED_GRADE_U_EL ===
RETAINED_U_EL_BG_JET_ORDERS: [1, 2]
RETAINED_U_EL_N_HESSIAN_ATOMS: 12
RETAINED_U_EL_ORDER3_ATOMS (0): []

=== ENGINE_BACKGROUND_JET_EXPRESSION_SIGMA_POWER ===
JET_ORDER_1_(0,): W_bg_d1
JET_ORDER_1_(0,)_SIGMA_POWER: 0
JET_ORDER_2_(0, 0): sigma_W*w1_profile_d1d1/L_W
JET_ORDER_2_(0, 0)_SIGMA_POWER: 1
JET_ORDER_3_(0, 0, 0): sigma_W*w1_profile_d1d1d1/L_W**2
JET_ORDER_3_(0, 0, 0)_SIGMA_POWER: 1
JET_ORDER_3_(0, 1, 2): sigma_W*w1_profile_d1d2d3/L_W**2
JET_ORDER_3_(0, 1, 2)_SIGMA_POWER: 1

DONE
