Failed to open configuaration file at path: /home/trevnorris/.config/Wolfram/WolframScript/WolframScript.conf
Failed to open configuaration file at path: /home/trevnorris/.config/Wolfram/WolframScript/WolframScript.conf
Failed to open configuaration file at path: /home/trevnorris/.config/Wolfram/WolframScript/WolframScript.conf
Failed to open configuaration file at path: /home/trevnorris/.config/Wolfram/WolframScript/WolframScript.conf
RECORD_16_LABEL: "WJET_GRADU_GRADTHETA"
RECORD_16_ORIGIN: FirstBackgroundJetRepresentative
ENERGY_DENSITY_LIVE_DERIVATIVE_DEPTH: 1
ENERGY_DENSITY_REDUCED_MAX_JET_ORDER: 1
ENERGY_DENSITY_REDUCED_N_ATOMS: 3
ENERGY_DENSITY_REDUCED_ORDER3PLUS_ATOMS: {}
U_EL_UNCONSTRAINED_HELD_LIVE_DERIVATIVE_DEPTH: 1
U_EL_UNCONSTRAINED_HELD_REDUCED_MAX_JET_ORDER: 1
U_EL_UNCONSTRAINED_HELD_REDUCED_N_ATOMS: 3
U_EL_UNCONSTRAINED_HELD_REDUCED_ORDER3PLUS_ATOMS: {}
U_EL_UNCONSTRAINED_ACTIVATED_LIVE_DERIVATIVE_DEPTH: 2
U_EL_UNCONSTRAINED_ACTIVATED_REDUCED_MAX_JET_ORDER: 2
U_EL_UNCONSTRAINED_ACTIVATED_REDUCED_N_ATOMS: 9
U_EL_UNCONSTRAINED_ACTIVATED_REDUCED_ORDER3PLUS_ATOMS: {}
MU_THETA_HELD_LIVE_DERIVATIVE_DEPTH: 1
MU_THETA_HELD_REDUCED_MAX_JET_ORDER: 1
MU_THETA_HELD_REDUCED_N_ATOMS: 3
MU_THETA_HELD_REDUCED_ORDER3PLUS_ATOMS: {}
MU_THETA_ACTIVATED_LIVE_DERIVATIVE_DEPTH: 2
MU_THETA_ACTIVATED_REDUCED_MAX_JET_ORDER: 2
MU_THETA_ACTIVATED_REDUCED_N_ATOMS: 9
MU_THETA_ACTIVATED_REDUCED_ORDER3PLUS_ATOMS: {}
GRAD_MU_THETA_LIVE_DERIVATIVE_DEPTH: 3
GRAD_MU_THETA_REDUCED_MAX_JET_ORDER: 3
GRAD_MU_THETA_REDUCED_N_ATOMS: 19
GRAD_MU_THETA_REDUCED_ORDER3PLUS_ATOMS: {widthProfileJet[2, 0, 1], widthProfileJet[1, 0, 2], widthProfileJet[1, 1, 1], widthProfileJet[2, 1, 0], widthProfileJet[1, 2, 0], widthProfileJet[3, 0, 0], widthProfileJet[0, 1, 2], widthProfileJet[0, 2, 1], widthProfileJet[0, 3, 0], widthProfileJet[0, 0, 3]}
U_INTERNAL_CONSTRAINED_LIVE_DERIVATIVE_DEPTH: 2
U_INTERNAL_CONSTRAINED_REDUCED_MAX_JET_ORDER: 2
U_INTERNAL_CONSTRAINED_REDUCED_N_ATOMS: 9
U_INTERNAL_CONSTRAINED_REDUCED_ORDER3PLUS_ATOMS: {}
MU_THETA_FROM_CONSTRAINED_ROWS_LIVE_DERIVATIVE_DEPTH: 2
MU_THETA_FROM_CONSTRAINED_ROWS_REDUCED_MAX_JET_ORDER: 2
MU_THETA_FROM_CONSTRAINED_ROWS_REDUCED_N_ATOMS: 9
MU_THETA_FROM_CONSTRAINED_ROWS_REDUCED_ORDER3PLUS_ATOMS: {}
CONSTRAINED_MINUS_UNCONSTRAINED_U_LIVE_DERIVATIVE_DEPTH: 2
CONSTRAINED_MINUS_UNCONSTRAINED_U_REDUCED_MAX_JET_ORDER: 2
CONSTRAINED_MINUS_UNCONSTRAINED_U_REDUCED_N_ATOMS: 9
CONSTRAINED_MINUS_UNCONSTRAINED_U_REDUCED_ORDER3PLUS_ATOMS: {}
UINTERNAL_MINUS_UEL_PLUS_GRADMU_LIVE_DERIVATIVE_DEPTH: 3
UINTERNAL_MINUS_UEL_PLUS_GRADMU_REDUCED_MAX_JET_ORDER: 3
UINTERNAL_MINUS_UEL_PLUS_GRADMU_REDUCED_N_ATOMS: 19
UINTERNAL_MINUS_UEL_PLUS_GRADMU_REDUCED_ORDER3PLUS_ATOMS: {widthProfileJet[2, 0, 1], widthProfileJet[1, 0, 2], widthProfileJet[1, 1, 1], widthProfileJet[2, 1, 0], widthProfileJet[1, 2, 0], widthProfileJet[3, 0, 0], widthProfileJet[0, 1, 2], widthProfileJet[0, 2, 1], widthProfileJet[0, 3, 0], widthProfileJet[0, 0, 3]}
U_EL_UNCONSTRAINED_DOUBLE_ACTIVATED_LIVE_DERIVATIVE_DEPTH: 2
U_EL_UNCONSTRAINED_DOUBLE_ACTIVATED_REDUCED_MAX_JET_ORDER: 2
U_EL_UNCONSTRAINED_DOUBLE_ACTIVATED_REDUCED_N_ATOMS: 9
U_EL_UNCONSTRAINED_DOUBLE_ACTIVATED_REDUCED_ORDER3PLUS_ATOMS: {}
DOUBLE_ACTIVATE_MINUS_SINGLE (expect 0): {0, 0, 0}
DONE
