Wrote /tmp/s11c_a_review_grok/engine_ablate_bg_jet.py
FORM CHANGE: density_background := rho4_bg0 * (1 + (w-h0)/W0)
  => ∂_w density⁰ |_{h0} = rho4_bg0/W0  (was 0)

========================================================================
LITERAL BEFORE / AFTER / DIFF
========================================================================

--- FACE_SHIFT.pressure ---
BEFORE: epsilon_shape*(W_0*d_w_delta_p_plus*eta_bg*w1_profile/2 + delta_p_plus)
AFTER:  epsilon_shape*(W_0*d_w_delta_p_plus*eta_bg*w1_profile/2 + delta_p_plus)
DIFF:   0
MOVED:  False

--- FACE_SHIFT.density ---
BEFORE: epsilon_shape*(W_0*d_w_delta_rho_4D_face_plus*eta_bg*w1_profile/2 + delta_rho_4D_face_plus)
AFTER:  epsilon_shape*(W_0*d_w_delta_rho_4D_face_plus*eta_bg*w1_profile/2 + delta_rho_4D_face_plus + rho_br*zeta_c/W_0**2)
DIFF:   epsilon_shape*rho_br*zeta_c/W_0**2
MOVED:  True

--- density_lin_raw ---
BEFORE: d_w_delta_rho_4D_face_plus*(-W_0/2 + W_bg/2) + delta_rho_4D_face_plus
AFTER:  d_w_delta_rho_4D_face_plus*(-W_0/2 + W_bg/2) + delta_rho_4D_face_plus + rho_br*zeta_c/W_0**2
DIFF:   rho_br*zeta_c/W_0**2
MOVED:  True

--- dh ---
BEFORE: zeta_c
AFTER:  zeta_c
DIFF:   0
MOVED:  False

--- h0 ---
BEFORE: W_bg/2
AFTER:  W_bg/2
DIFF:   0
MOVED:  False

--- Expected new jet piece dh * ∂_w ρ⁰ = dh * (ρ4_bg0/W0) ---
  expected_jet (raw) = rho_br*zeta_c/W_0**2
  finalize(eps*expected_jet) = epsilon_shape*rho_br*zeta_c/W_0**2
  observed density DIFF = epsilon_shape*rho_br*zeta_c/W_0**2
  DIFF matches finalize(eps*jet)? True

========================================================================
ABLATION_MOVED_ANY_OBJECT = True
JUDGEMENT: background normal jet pathway is LOAD-BEARING iff density MOVED
and pressure (still bg=0) did NOT. Matching dh*(∂_w ρ⁰) confirms the engine
implements δ[f]=δf(h_s⁰)+δh·∂_w f⁰ via actual d/dw of the supplied background,
not a fabricated free-premise symbol — and that under the true supplied
w-independent density the jet correctly vanishes.
