ledger_stage033_native_p_no_emergent_gauss Mathematica audit
PIPELINE=independent Lagrangian -> native fixed-point constraint descriptor -> Gauss classification
COMMON_NULL_ROUTE=Reduce[ForAll[...]] + Solve coefficient system (no inserted tuning)

Computed input-Lagrangian pipeline and six controls
---------------------------------------------------
PROGRESS MATHEMATICA THEORY-A OPEN PIPELINE
PROGRESS MATHEMATICA THEORY-A Solve/Reduce COMMON NULL
PROGRESS MATHEMATICA THEORY-A BOUNDARY sign=-1 lane=generic
PROGRESS MATHEMATICA THEORY-A BOUNDARY sign=-1 lane=rankdrop
PROGRESS MATHEMATICA THEORY-A BOUNDARY sign=-1 lane=common
PROGRESS MATHEMATICA THEORY-A BOUNDARY sign=1 lane=generic
PROGRESS MATHEMATICA THEORY-A BOUNDARY sign=1 lane=rankdrop
PROGRESS MATHEMATICA THEORY-A BOUNDARY sign=1 lane=common
PROGRESS MATHEMATICA THEORY-A BlockRandom SWEEP seed=260713
PROGRESS MATHEMATICA THEORY-A OPEN+BOUNDARY+SWEEP COMPLETE
PROGRESS MATHEMATICA THEORY-C OPEN PIPELINE
PROGRESS MATHEMATICA THEORY-C Solve/Reduce COMMON NULL
PROGRESS MATHEMATICA THEORY-C BOUNDARY sign=-1 lane=generic
PROGRESS MATHEMATICA THEORY-C BOUNDARY sign=-1 lane=rankdrop
PROGRESS MATHEMATICA THEORY-C BOUNDARY sign=-1 lane=common
PROGRESS MATHEMATICA THEORY-C BOUNDARY sign=1 lane=generic
PROGRESS MATHEMATICA THEORY-C BOUNDARY sign=1 lane=rankdrop
PROGRESS MATHEMATICA THEORY-C BOUNDARY sign=1 lane=common
PROGRESS MATHEMATICA THEORY-C BlockRandom SWEEP seed=260715
PROGRESS MATHEMATICA THEORY-C OPEN+BOUNDARY+SWEEP COMPLETE
PASS  PASS_Q1_LAGRANGIAN_LEGENDRE
PASS  PASS_Q2_MAXWELL_COMPUTED
PASS  PASS_Q3_SIX_CONTROLS_SHARED_PIPELINE
PASS  PASS_Q4_CAS_COMMON_NULL_RECONSTRUCTION
PASS  PASS_Q5_GAUSS_SEARCH_LIVE
PASS  PASS_Q6_DIRAC_CLOSURE

Native THEORY-A/C symbolic open stratum
---------------------------------------
PASS  PASS_GUARD_COUPLINGS_ENTER_A
PASS  PASS_GUARD_COUPLINGS_ENTER_C
PASS  PASS_THEORY_A_SIGNATURE
PASS  PASS_THEORY_C_SIGNATURE
PASS  PASS_KINETIC_HESSIAN_DETERMINANT

Solve/Reduce common-null locus and tuned scans
----------------------------------------------
PASS  PASS_COMMON_NULL_A
PASS  PASS_COMMON_NULL_C
PASS  PASS_BOUNDARY_SCAN_A
PASS  PASS_BOUNDARY_SCAN_C
PASS  PASS_RANDOMIZED_SWEEP_A
PASS  PASS_RANDOMIZED_SWEEP_C
PASS  PASS_HARDENING_DESCENDANT_A
PASS  PASS_PRIMARY_FC_ACCOUNTING_A
PASS  PASS_HARDENING_DESCENDANT_C
PASS  PASS_PRIMARY_FC_ACCOUNTING_C

Six same-pipeline controls and native own-assert ablations
----------------------------------------------------------
PASS  PASS_GUARD_SEARCH_CAPABLE
PASS  PASS_CONTROL_MAXWELL
      maxwell: FIRST_CLASS_GAUSS FC=2 SC=0 G=1 NULL=1
      ABLATION maxwell: FIRED_AT_OWN_ASSERT
PASS  PASS_CONTROL_GAUGED_HARD_UNIT
      gauged_hard_unit: MIXED FC=2 SC=4 G=1 NULL=2
      ABLATION gauged_hard_unit: FIRED_AT_OWN_ASSERT
PASS  PASS_CONTROL_BARE_SIGMA
      bare_sigma: SECOND_CLASS_RADIAL_NO_GAUSS FC=0 SC=4 G=0 NULL=1
      ABLATION bare_sigma: FIRED_AT_OWN_ASSERT
PASS  PASS_CONTROL_NONCONSERVED_CURRENT
      nonconserved_current: INCONSISTENT_PRESERVATION FC=2 SC=0 G=1 NULL=1
      ABLATION nonconserved_current: FIRED_AT_OWN_ASSERT
PASS  PASS_CONTROL_COULOMB_GAUGE
      gauge_fixed_maxwell: SECOND_CLASS_NO_LOCAL_GAUGE FC=0 SC=8 G=0 NULL=3
      ABLATION gauge_fixed_maxwell: FIRED_AT_OWN_ASSERT
PASS  PASS_CONTROL_GLOBAL_U1
      global_only: GLOBAL_CHARGE_NO_LOCAL_GAUSS FC=0 SC=0 G=0 NULL=0
      ABLATION global_only: FIRED_AT_OWN_ASSERT

Bookkeeping, honest scope, branch decision, and verdict
-------------------------------------------------------
PASS  PASS_SOURCE_FIRST_SHEAR_BOOKKEEPING
PASS  PASS_HONEST_TUNED_SCOPE
PASS  PASS_DECISION_ORDER_BRANCH2
PASS  PASS_VERDICT_TOTALITY

Canonical source-to-stage predicate manifest
--------------------------------------------
PASS  PASS_SOURCE_PREDICATE_MANIFEST
      entries=51; partition=<|PRESERVED -> 33, REPLACED_BY_STRONGER -> 15, SCOPED_OUT -> 3|>; digest=6b191e77fefe24c9000445f01e4e2c6154ab1bb9b15bb40a6d1515dc463a7e9d

HONEST_SCOPE: symbolic open stratum decisive; tuned locus ARGUED+FIXED-SEED-SCANNED, NOT exhaustive
DOWNSTREAM_ONLY: compactness, quantization, deconfinement, native +/-w current supply
SOURCE_FIRST_ORDERING: searched source-free first; j.A not added
SHEAR_DUPLICATE: NOT_APPLICABLE_NO_G
HARDENING-TUNED-DESCENDANT-REJECTION: PASS
GUARD-COUPLINGS-ENTER: PASS
GUARD-SEARCH-CAPABLE: PASS
THEORY-A VERDICT_TOKEN: NATIVE_P_NO_EMERGENT_GAUSS
THEORY-C VERDICT_TOKEN: NATIVE_P_NO_EMERGENT_GAUSS

PASS tally: 33; FAIL tally: 0
OVERALL PASS: Mathematica independently reached NATIVE_P_NO_EMERGENT_GAUSS for A and C
