
===================================================
ledger_stage016_l2_so3_covariance_mathematica_audit
===================================================
Target stem confirmed: ledger_stage016_l2_so3_covariance
Engine: native Wolfram exact symbolic Integrate/D/Hash; no NIntegrate/floats/tolerances; zero file I/O.

Real l=2 harmonics, Gram=I5, and computed -Delta_S2 spectrum
------------------------------------------------------------
  harmonic order = {20, 21c, 21s, 22c, 22s}
  Gram matrix = {{1, 0, 0, 0, 0}, {0, 1, 0, 0, 0}, {0, 0, 1, 0, 0}, {0, 0, 0, 1, 0}, {0, 0, 0, 0, 1}}
  computed lambda_m = <|20 -> 6, 21c -> 6, 21s -> 6, 22c -> 6, 22s -> 6|>
  eigenvalues are Rayleigh quotients from native Integrate and the native Laplace-Beltrami operator.
PASS  Gram - I5 total squared residual
PASS  Gram matrix equals I5
PASS  lambda_20 computed by Rayleigh quotient equals 6
PASS  eigenfunction residual (-Delta)Y_20-lambda*Y_20
PASS  lambda_21c computed by Rayleigh quotient equals 6
PASS  eigenfunction residual (-Delta)Y_21c-lambda*Y_21c
PASS  lambda_21s computed by Rayleigh quotient equals 6
PASS  eigenfunction residual (-Delta)Y_21s-lambda*Y_21s
PASS  lambda_22c computed by Rayleigh quotient equals 6
PASS  eigenfunction residual (-Delta)Y_22c-lambda*Y_22c
PASS  lambda_22s computed by Rayleigh quotient equals 6
PASS  eigenfunction residual (-Delta)Y_22s-lambda*Y_22s
PASS  all computed lambda_m are 6
PASS  all eigenfunction residuals are zero

Bare K2 angular stiffness uses the live computed lambda
-------------------------------------------------------
  K2 builder = buildK2[coeff] = Ktilde + coeff*TomegaTilde
  baseline assembly path = buildK2[lambdas[name]]; no counted kCoeffUsed-lambdas self-compare.
  K2 core by channel = <|20 -> Ktilde + 6*TomegaTilde, 21c -> Ktilde + 6*TomegaTilde, 21s -> Ktilde + 6*TomegaTilde, 22c -> Ktilde + 6*TomegaTilde, 22s -> Ktilde + 6*TomegaTilde|>
  extracted TomegaTilde coefficients = <|20 -> 6, 21c -> 6, 21s -> 6, 22c -> 6, 22s -> 6|>
PASS  K2-coefficient residual reads extracted coeff for 20
PASS  K2-coefficient residual reads extracted coeff for 21c
PASS  K2-coefficient residual reads extracted coeff for 21s
PASS  K2-coefficient residual reads extracted coeff for 22c
PASS  K2-coefficient residual reads extracted coeff for 22s
PASS  K2 coefficient residuals all vanish
PASS  wrong_eigenvalue probe verdict is FAIL_NOT_COVARIANT
PASS  wrong_eigenvalue computed_fail_gate reads coefficient mismatch
PASS  wrong_eigenvalue self-ablation returns ISOTROPY_CALIBRATED
PASS  wrong_eigenvalue self-ablation suppresses fail

Angular dimensional gate and sourced-density corruption probes
--------------------------------------------------------------
  dimension order = (L,M,T)
DIMENSIONS|axes=L,M,T
DIM|axes=L,M,T|name=dim_rules.a|exponents={1, 0, 0}
DIM|axes=L,M,T|name=dim_rules.dw|exponents={1, 0, 0}
DIM|axes=L,M,T|name=dim_rules.d_omega|exponents={0, 0, 0}
DIM|axes=L,M,T|name=dim_rules.beta2|exponents={0, 0, 0}
DIM|axes=L,M,T|name=dim_rules.beta2_prime|exponents={-1, 0, 0}
DIM|axes=L,M,T|name=dim_rules.mu_eta|exponents={-3, 1, 0}
DIM|axes=L,M,T|name=dim_rules.T_w|exponents={-1, 1, -2}
DIM|axes=L,M,T|name=dim_rules.K_eta|exponents={-3, 1, -2}
DIM|axes=L,M,T|name=dim_rules.T_Omega|exponents={-3, 1, -2}
DIM|axes=L,M,T|name=dim_rules.M_tilde|exponents={0, 1, 0}
DIM|axes=L,M,T|name=dim_rules.K_tilde|exponents={0, 1, -2}
DIM|axes=L,M,T|name=dim_rules.T_Omega_tilde|exponents={0, 1, -2}
DIM|axes=L,M,T|name=baseline_dims.measure|exponents={3, 0, 0}
DIM|axes=L,M,T|name=baseline_dims.M2_integral|exponents={0, 1, 0}
DIM|axes=L,M,T|name=baseline_dims.T_w_beta_prime_sq|exponents={0, 1, -2}
DIM|axes=L,M,T|name=baseline_dims.K_eta_beta_sq|exponents={0, 1, -2}
DIM|axes=L,M,T|name=baseline_dims.lambda_T_Omega_beta_sq|exponents={0, 1, -2}
DIM|axes=L,M,T|name=baseline_dims.K2_integral|exponents={0, 1, -2}
DIM|axes=L,M,T|name=baseline_dims.actual_M2|exponents={0, 1, 0}
DIM|axes=L,M,T|name=baseline_dims.actual_K2|exponents={0, 1, -2}
DIM|axes=L,M,T|name=baseline_dims.actual_K2_over_M2|exponents={0, 0, -2}
  sourced volume-density convention: dV=a_dim^2*dw*dOmega has dimension L^3; beta2 is dimensionless.
  walked K2 terms = <|T_w_beta_prime_sq -> aDim^2*beta2PrimeDim^2*dOmegaDim*dwDim*TwDensity, K_eta_beta_sq -> aDim^2*beta2Dim^2*dOmegaDim*dwDim*KetaDensity, lambda_T_Omega_beta_sq -> 6*aDim^2*beta2Dim^2*dOmegaDim*dwDim*TOmegaDensity|>
  computed dimensions = <|measure -> L^3, M2_integral -> M, T_w_beta_prime_sq -> M T^-2, K_eta_beta_sq -> M T^-2, lambda_T_Omega_beta_sq -> M T^-2, K2_integral -> M T^-2, actual_M2 -> M, actual_K2 -> M T^-2, actual_K2_over_M2 -> T^-2|>
PASS  explicit measure has dimension L^3
PASS  M2_integral has dimension M
PASS  K2 T_w beta_prime^2 term has dimension M*T^-2
PASS  K2 K_eta beta^2 term has dimension M*T^-2
PASS  K2 lambda*T_Omega beta^2 term has dimension M*T^-2
PASS  K2 integral has dimension M*T^-2
PASS  bare M2=Mtilde has dimension M
PASS  bare K2=Ktilde+lambda*TomegaTilde has dimension M*T^-2
PASS  bare K2/M2 has dimension T^-2
PASS  K2 density terms are homogeneous
PASS  baseline dimensional_ok
  T_Omega corruption error = dimension mismatch in sum aDim^2*beta2Dim^2*dOmegaDim*dwDim*KetaDensity + 6*aDim^2*beta2Dim^2*dOmegaDim*dwDim*TOmegaDensity + aDim^2*beta2PrimeDim^2*dOmegaDim*dwDim*TwDensity
PASS  sourced T_Omega probe verdict is FAIL_DIMENSIONAL
PASS  sourced T_Omega mutation participates in verdict
PASS  sourced T_Omega mutation fires
PASS  T_Omega self-ablation returns ISOTROPY_CALIBRATED
PASS  T_Omega self-ablation suppresses fail
PASS  corrupt sourced [mu_eta_density] fires FAIL_DIMENSIONAL
PASS  corrupt sourced [T_w_density] fires FAIL_DIMENSIONAL
PASS  corrupt sourced [K_eta_density] fires FAIL_DIMENSIONAL
PASS  corrupt sourced [T_Omega_density] fires FAIL_DIMENSIONAL

Computed-not-typed hash guard and tautology probe
-------------------------------------------------
  harmonic input hashes = <|20 -> eccf40377bccb9872325ddc6b02a2b238be765bcdf68c03a6699da337f57fd41, 21c -> dfe1c2aa60a16b5872e30287b0f2519dac3cde2cbdd97b9d5624c7803ddcdf0e, 21s -> 9e0a0d66aefb83ff503aac77e957f9ec9c4e3dcd2f78d7fb51a6fcac2c04c11a, 22c -> 8f8a6fe2222b992927837903d1f366a676f2f42cb9177c93711590f39f792878, 22s -> 7fc47f84ac83fd48900a2d27eff36656eeefd30ec01728876d33e8b8293fcd2e|>
  self-overlaps = <|20 -> 1, 21c -> 1, 21s -> 1, 22c -> 1, 22s -> 1|>
PASS  five harmonic hashes are distinct
PASS  self-overlap integral for Y_20 is 1
PASS  self-overlap integral for Y_21c is 1
PASS  self-overlap integral for Y_21s is 1
PASS  self-overlap integral for Y_22c is 1
PASS  self-overlap integral for Y_22s is 1
PASS  tautology_clear = distinct_hashes and unit self-overlaps
PASS  tautology_hash_collision verdict is FAIL_TAUTOLOGICAL
PASS  tautology_hash_collision computed_fail_gate reads non-distinct hashes
PASS  tautology_hash_collision self-ablation returns ISOTROPY_CALIBRATED
PASS  tautology_hash_collision self-ablation suppresses fail

016 aggregate probe battery over the three covariance probes
------------------------------------------------------------
  expected probe verdicts = <|wrong_eigenvalue -> FAIL_NOT_COVARIANT, tautology_hash_collision -> FAIL_TAUTOLOGICAL, dimensional_corrupt_T_Omega -> FAIL_DIMENSIONAL|>
  computed probe gate flags = <|wrong_eigenvalue -> True, tautology_hash_collision -> True, dimensional_corrupt_T_Omega -> True|>
  neutered aggregates = <|wrong_eigenvalue -> False, tautology_hash_collision -> False, dimensional_corrupt_T_Omega -> False|>
PASS  probe wrong_eigenvalue verdict matches expected token
PASS  probe tautology_hash_collision verdict matches expected token
PASS  probe dimensional_corrupt_T_Omega verdict matches expected token
PASS  probe wrong_eigenvalue flag is computed true
PASS  probe tautology_hash_collision flag is computed true
PASS  probe dimensional_corrupt_T_Omega flag is computed true
PASS  016 able_to_fail_ok is true
PASS  neutering wrong_eigenvalue flips able_to_fail_ok false
PASS  neutering tautology_hash_collision flips able_to_fail_ok false
PASS  neutering dimensional_corrupt_T_Omega flips able_to_fail_ok false
PASS  neutering any one 016 probe flips aggregate false

Per-tooth ablations on copies
-----------------------------
PASS  computed-eigenvalue basis corruption reaches FAIL_NOT_COVARIANT
PASS  basis corruption makes at least one eigen residual nonzero produced required FAIL (residual = 1)
PASS  mutating the assembled K2 coefficient to 2 breaks the K2-coefficient residual produced required FAIL (residual = (Sqrt[5/Pi]*(1 + 3*Cos[2*theta]))/2)
PASS  bare forcedEigenvalueProbe[2] fires FAIL_NOT_COVARIANT
PASS  bare forcedEigenvalueProbe[6] suppresses FAIL_NOT_COVARIANT
PASS  Gram tooth: scaling one harmonic breaks Gram=I5 produced required FAIL (residual = 9)
PASS  Gram tooth reaches FAIL_NOT_COVARIANT
PASS  tautology distinctness neuter would suppress FAIL_TAUTOLOGICAL produced required FAIL (residual = 1)
PASS  T_Omega dimensional tooth reaches FAIL_DIMENSIONAL
PASS  aggregate tooth includes wrong_eigenvalue
PASS  aggregate tooth includes tautology_hash_collision
PASS  aggregate tooth includes dimensional_corrupt_T_Omega
  kCoeffEquals de-count: no kCoeffUsed-lambdas self-compare is counted; K2 computed-ness rides on buildK2[lambdas], extracted-coefficient residuals, and the bare forced probe.

Wolfram arity self-check and unevaluated-leakage scan
-----------------------------------------------------
PASS  arity intS2[1] returns 4*pi
PASS  arity lapS2[Y20] is accepted and has l=2 residual
PASS  arity buildK2[lambdas[20]] returns expression containing TomegaTilde
PASS  arity forcedEigenvalueProbe[2] returns verdict key
PASS  arity laneHashProbe[assoc] returns distinctness key
PASS  arity evalDimensional[lambda,M2,K2,rules] returns Ok key
PASS  arity scopedVerdict[4 args] returns ISOTROPY_CALIBRATED
PASS  no unevaluated Integrate remains in angular results
PASS  no unevaluated Derivative remains in angular results

016 scoped landing and 016/017 cut
----------------------------------
  016 gate booleans = <|dimensional_ok -> True, covariant -> True, tautology_clear -> True, able_to_fail_ok -> True|>
  016 scoped verdict = ISOTROPY_CALIBRATED
PASS  016 scoped verdict lands ISOTROPY_CALIBRATED component
  ISOTROPY_CALIBRATED (JOINT, 2-stage) -- PARTIAL: 016 landed, 017 PENDING
    = (016: l=2 SO(3) covariance theorem: real harmonics + Gram=I5 + computed lambda_m=6 + K2 angular stiffness) [EARNED here]
    AND (017: grouped-P2 lane isotropy: grouped {20,21,22} lanes / raw-D=0 / normalized-u / calibration partition) [PENDING]
  Exact cut: this script does not assemble grouped lanes, raw-D, normalized-u, response probes, calibration partition, or port-kernel export.
  Carried caveats: angular structure is earned; radial profile/scalars are frozen calibration inputs, so the joint is CALIBRATED not PASS.
  Deferred caveats: 54/5 quadrupole normalization, outgoing odd-N coefficients, and solved nonlinear branch data are Gate 4/5/6 sim-deferred.
PASS  joint composition is partial with 017 pending

Provenance and scope labels
---------------------------
  CONSUMED-from-011/012/013: mu_eta/T_w physical wall constants, beta2(w)/R0(w), Mtilde/Ktilde/TomegaTilde, and Gate-1 D/N provenance are cited as provenance.
  Self-contained dimensional integrity: pathA_32 uses volume densities on a_dim^2*dw*dOmega with dimensionless beta2; stage013's line-density K_eta=T_w*beta^2 relation does not transfer.
  no-c_S: the l=2 covariance theorem is speed-free; matter-sector c_s/BdG remains deferred.
  ANGULAR-EARNED / RADIAL-CALIBRATED: 016 derives Gram=I5, lambda_m=6, and K2; 017 owns the radial calibration partition.
  COMPUTED-NOT-TYPED: Rayleigh + eigenfunction residual + extracted K2-coefficient residual + forced_eigenvalue_probe; kCoeffEquals X==X is de-counted.
  AGGREGATE-BATTERY-INTACT: wrong_eigenvalue, tautology_hash_collision, and dimensional_corrupt_T_Omega all participate.
  SOURCED-T_OMEGA-DIMENSIONAL: corrupting sourced T_Omega plus TomegaTilde fires FAIL_DIMENSIONAL.
  dropped-bookkeeping: scratch-YAML engine agreement and report/feed writers are stripped; transcript-level agreement remains.
  register note: 016 is an earned structural slice with likely zero new counted knobs; T_Omega and beta2 counting is deferred to 017.
PASS  no c_S/cS live symbol appears
PASS  Btilde/Ztilde support scalars are not live 016 symbols

Verdict labels
--------------
  ledger earned-label: L2_SO3_COVARIANCE_THEOREM_EARNED
  source top-line verdict: ISOTROPY_CALIBRATED (JOINT 2-stage; 016 is the earned SO(3) covariance component, 017 completes the calibration/lane component)
  joint composition: ISOTROPY_CALIBRATED = 016[EARNED l=2 SO(3) covariance] AND 017[PENDING grouped-P2 lane isotropy + calibration partition]
  earned angular structure: Gram=I5 genuine; lambda_m=6 computed by Rayleigh + residual; K2=Ktilde+lambda_m*TomegaTilde uses the live computed lambda
  earned able-to-fail battery: wrong_eigenvalue / tautology_hash_collision / dimensional_corrupt_T_Omega, each with suppressing self-ablation
  consumed framing: provenance + pathA_32 self-contained dimensional integrity, not a cross-stage dual-site relation
  new symbols first appearing here but not counted in 016: T_Omega/TomegaTilde and beta2(w), deferred to 017

=======
Tallies
=======
TALLY mathematica: 91 pass + 0 fail = 91 checks
OVERALL PASS
