ledger_stage032_electric_sign_bc_ensembles_landing Mathematica audit
CONSUMES_STAGE031={m,m_gg=B_eff*z_g^2/D,detm=z_g^2/D,S_gg,A=m_gg*C,1/R^2,NONZERO_HA_REQUIRES_CORE_HOLDER}
CONSUMES_STAGE030_TRANSITIVELY={D,D*=7/4}

Consumed upstream bundle and ownership firewall
-----------------------------------------------
PASS  PASS_STAGE031_CONSUMED_INPUTS
PASS  PASS_STAGE030_TRANSITIVE_D_WITNESS
PASS  PASS_SCOPE_FIREWALL
PASS  PASS_NONZERO_HA_REQUIRES_CORE_HOLDER
      stage031 mechanism cited; stage030 D*=7/4 cited transitively; no mechanism re-derived

Four DECIDED conditional ensembles via native Solve/Reduce
----------------------------------------------------------
PASS  PASS_A_V_FORMULA
PASS  PASS_A_J_FORMULA
PASS  PASS_A_M_FORMULA
PASS  PASS_A_MIXED_FORMULA
PASS  PASS_WEAK_SIGNS_GENERAL
PASS  PASS_STRICT_SIGNS_NONDEGENERATE_WITNESS
PASS  PASS_DEGENERATE_Z_G_ZERO
PASS  PASS_A_M_INDEFINITE
PASS  PASS_MIXED_ENDPOINTS
PASS  PASS_MIXED_INTERIOR_ZERO
PASS  PASS_MIXED_REGIME_Q_GT_G
PASS  PASS_MIXED_REGIME_Q_EQ_G
PASS  PASS_MIXED_REGIME_Q_LT_G
PASS  PASS_MIXED_FULL_DOMAIN_SPANS
PASS  PASS_DECIDED_CONDITIONAL_TYPING
      native Solve coefficients; native Reduce three-regime split; strict signs witness-only

Q-AMEND, typed Q-BC, Q-COMBINE, and Q-MAG
-----------------------------------------
PASS  PASS_AMEND_REPLACE
PASS  PASS_AMEND_ADD
PASS  PASS_ZERO_LEDGER_13
PASS  PASS_S_HOLD_SCOPE
PASS  PASS_INTERNAL_INCONSISTENCY_NONE
PASS  PASS_BC_ACTUAL_CLASSIFIER
PASS  PASS_BC_FREE_CONTROL
PASS  PASS_BC_VALUE_CONTROL
PASS  PASS_BC_MONOPOLE_CONTROL
PASS  PASS_BC_MIXED_CONTROL
PASS  PASS_ADMISSIBLE_CLASSES
PASS  PASS_REPLACE_TOTALS
PASS  PASS_ADD_TOTALS
PASS  PASS_VARIANT_UNRESOLVED
PASS  PASS_NO_DOUBLE_COUNT
PASS  PASS_OUTCOME_NOT_INVARIANT
PASS  PASS_MAGNITUDE_FREE_FACTOR
PASS  PASS_QMAG_DENSITY_HOOK
PASS  PASS_QMAG_MONOPOLE_HOOK
PASS  PASS_QMAG_MODULUS_HOOK
PASS  PASS_QMAG_CLOSE_RANGE_HOOK
PASS  PASS_MAGNITUDE_COBLOCKER

Range controls and units firewall
---------------------------------
PASS  PASS_RANGE_SIGN_FLIP
PASS  PASS_RANGE_ZERO_TOUCH
PASS  PASS_RANGE_SUBDOMINANT
PASS  PASS_UNITS_A
PASS  PASS_UNITS_U
PASS  PASS_UNITS_F

Sealed 23040-cell section-4 ladder and landing ownership
--------------------------------------------------------
PROGRESS: native exhaustive 23040-cell landing table and SHA-256 digest
PASS  PASS_TYPED_NEUTRAL_FACTS
PASS  PASS_VERDICT_TOTALITY
PASS  PASS_VERDICT_PRECEDENCE
PASS  PASS_TRUTH_TABLE_TOTAL
PASS  PASS_TRUTH_TABLE_COUNTS
PASS  PASS_TRUTH_TABLE_DIGEST
PASS  PASS_LANDING_OWNERSHIP
PASS  PASS_PRODUCTION_LANDING
PASS  PASS_TARGET_BLINDNESS
      cells=23040; digest=7627417ace0f99a17187a90efa2523ca9b68df8b64f7960d38be2dc6f553ac49; first production match=R1_REQUIRED(bc_selection)

Canonical source-to-stage predicate manifest
--------------------------------------------
PASS  PASS_SOURCE_PREDICATE_MANIFEST
      entries=44; partition=<|PRESERVED -> 22, REPLACED_BY_STRONGER -> 12, SCOPED_OUT -> 10|>; digest=e2cfd11b41cdd3d95111f25215b16e917b1ce0a9623929619338a1a83fa81014

INTERNAL_INCONSISTENCY=none
CO_BLOCKER=R1_REQUIRED(magnitude)
RESOLVER=SIM_DEFERRED(parent-throat boundary functional/barrier/map s->h_A)
VERDICT_TOKEN: R1_REQUIRED(bc_selection)

PASS tally: 57; FAIL tally: 0
OVERALL PASS: Mathematica verified stage032 far-field ensembles and sealed R1 landing
